github token pool configured:
  1: |
    apiVersion: apps/v1
    kind: Deployment
    metadata:
      labels:
        app.kubernetes.io/instance: RELEASE-NAME
        app.kubernetes.io/managed-by: Helm
        app.kubernetes.io/name: snyk-broker-RELEASE-NAME
        helm.sh/chart: snyk-broker-2.6.1
      name: github-com-broker-RELEASE-NAME
      namespace: NAMESPACE
    spec:
      replicas: 1
      selector:
        matchLabels:
          app.kubernetes.io/instance: RELEASE-NAME
          app.kubernetes.io/name: snyk-broker-RELEASE-NAME
      template:
        metadata:
          labels:
            app.kubernetes.io/instance: RELEASE-NAME
            app.kubernetes.io/name: snyk-broker-RELEASE-NAME
        spec:
          containers:
            - env:
                - name: BROKER_SERVER_URL
                  value: https://broker.test.snyk.io
                - name: BROKER_HEALTHCHECK_PATH
                  value: /healthcheck
                - name: BROKER_SYSTEMCHECK_PATH
                  value: /systemcheck
                - name: BROKER_TOKEN
                  valueFrom:
                    secretKeyRef:
                      key: github-com-broker-token-key
                      name: github-com-broker-token-RELEASE-NAME
                - name: GITHUB_TOKEN
                  valueFrom:
                    secretKeyRef:
                      key: github-com-token-key
                      name: github-com-token-RELEASE-NAME
                - name: GITHUB_TOKEN_POOL
                  valueFrom:
                    secretKeyRef:
                      key: github-com-token-key-pool
                      name: github-com-token-pool-RELEASE-NAME
                - name: PORT
                  value: "8000"
                - name: BROKER_CLIENT_URL
                  value: http://brokerclient
                - name: LOG_LEVEL
                  value: info
                - name: LOG_ENABLE_BODY
                  value: "false"
                - name: ACCEPT_CODE
                  value: "true"
                - name: ACCEPT_IAC
                  value: tf,yaml,yml,json,tpl
                - name: BROKER_DISPATCHER_BASE_URL
                  value: https://api.test.snyk.io
              image: snyk/broker:github-com
              imagePullPolicy: Always
              livenessProbe:
                failureThreshold: 3
                httpGet:
                  path: /healthcheck
                  port: 8000
                  scheme: HTTP
                initialDelaySeconds: 3
                periodSeconds: 10
                timeoutSeconds: 1
              name: github-com-broker-RELEASE-NAME
              ports:
                - containerPort: 8000
                  name: http
              readinessProbe:
                failureThreshold: 3
                httpGet:
                  path: /healthcheck
                  port: 8000
                  scheme: HTTP
                initialDelaySeconds: 3
                periodSeconds: 10
                timeoutSeconds: 1
              resources:
                limits:
                  cpu: 1
                  memory: 256Mi
                requests:
                  cpu: 1
                  memory: 256Mi
              securityContext:
                allowPrivilegeEscalation: false
                capabilities:
                  drop:
                    - ALL
                readOnlyRootFilesystem: true
                runAsNonRoot: true
                runAsUser: 1000
              volumeMounts: null
          securityContext: {}
          serviceAccountName: snyk-broker-RELEASE-NAME
          volumes: null
  2: |
    apiVersion: v1
    kind: Service
    metadata:
      labels:
        app.kubernetes.io/instance: RELEASE-NAME
        app.kubernetes.io/managed-by: Helm
        app.kubernetes.io/name: snyk-broker-RELEASE-NAME
        helm.sh/chart: snyk-broker-2.6.1
      name: github-com-broker-service-RELEASE-NAME
      namespace: NAMESPACE
    spec:
      ports:
        - port: 8000
          targetPort: 8000
      selector:
        app.kubernetes.io/instance: RELEASE-NAME
        app.kubernetes.io/name: snyk-broker-RELEASE-NAME
      type: ClusterIP
  3: |
    apiVersion: v1
    data:
      github-com-broker-token-key: MTIz
    kind: Secret
    metadata:
      name: github-com-broker-token-RELEASE-NAME
    type: Opaque
  4: |
    apiVersion: v1
    data:
      github-com-token-key-pool: Z2hfdG9rZW4xLGdoX3Rva2VuMixnaF90b2tlbjM=
    kind: Secret
    metadata:
      name: github-com-token-pool-RELEASE-NAME
    type: Opaque
  5: |
    apiVersion: v1
    kind: ServiceAccount
    metadata:
      labels:
        app.kubernetes.io/instance: RELEASE-NAME
        app.kubernetes.io/managed-by: Helm
        app.kubernetes.io/name: snyk-broker-RELEASE-NAME
        helm.sh/chart: snyk-broker-2.6.1
      name: snyk-broker-RELEASE-NAME
      namespace: NAMESPACE
github token pool configured with enabled useExternalSecretScmTokenPool:
  1: |
    apiVersion: apps/v1
    kind: Deployment
    metadata:
      labels:
        app.kubernetes.io/instance: RELEASE-NAME
        app.kubernetes.io/managed-by: Helm
        app.kubernetes.io/name: snyk-broker-RELEASE-NAME
        helm.sh/chart: snyk-broker-2.6.1
      name: github-com-broker-RELEASE-NAME
      namespace: NAMESPACE
    spec:
      replicas: 1
      selector:
        matchLabels:
          app.kubernetes.io/instance: RELEASE-NAME
          app.kubernetes.io/name: snyk-broker-RELEASE-NAME
      template:
        metadata:
          labels:
            app.kubernetes.io/instance: RELEASE-NAME
            app.kubernetes.io/name: snyk-broker-RELEASE-NAME
        spec:
          containers:
            - env:
                - name: BROKER_SERVER_URL
                  value: https://broker.test.snyk.io
                - name: BROKER_HEALTHCHECK_PATH
                  value: /healthcheck
                - name: BROKER_SYSTEMCHECK_PATH
                  value: /systemcheck
                - name: BROKER_TOKEN
                  valueFrom:
                    secretKeyRef:
                      key: github-com-broker-token-key
                      name: github-com-broker-token-RELEASE-NAME
                - name: GITHUB_TOKEN_POOL
                  valueFrom:
                    secretKeyRef:
                      key: github-com-token-key-pool
                      name: github-com-token-pool-RELEASE-NAME
                - name: PORT
                  value: "8000"
                - name: BROKER_CLIENT_URL
                  value: http://brokerclient
                - name: LOG_LEVEL
                  value: info
                - name: LOG_ENABLE_BODY
                  value: "false"
                - name: ACCEPT_CODE
                  value: "true"
                - name: ACCEPT_IAC
                  value: tf,yaml,yml,json,tpl
                - name: BROKER_DISPATCHER_BASE_URL
                  value: https://api.test.snyk.io
              image: snyk/broker:github-com
              imagePullPolicy: Always
              livenessProbe:
                failureThreshold: 3
                httpGet:
                  path: /healthcheck
                  port: 8000
                  scheme: HTTP
                initialDelaySeconds: 3
                periodSeconds: 10
                timeoutSeconds: 1
              name: github-com-broker-RELEASE-NAME
              ports:
                - containerPort: 8000
                  name: http
              readinessProbe:
                failureThreshold: 3
                httpGet:
                  path: /healthcheck
                  port: 8000
                  scheme: HTTP
                initialDelaySeconds: 3
                periodSeconds: 10
                timeoutSeconds: 1
              resources:
                limits:
                  cpu: 1
                  memory: 256Mi
                requests:
                  cpu: 1
                  memory: 256Mi
              securityContext:
                allowPrivilegeEscalation: false
                capabilities:
                  drop:
                    - ALL
                readOnlyRootFilesystem: true
                runAsNonRoot: true
                runAsUser: 1000
              volumeMounts: null
          securityContext: {}
          serviceAccountName: snyk-broker-RELEASE-NAME
          volumes: null
  2: |
    apiVersion: v1
    kind: Service
    metadata:
      labels:
        app.kubernetes.io/instance: RELEASE-NAME
        app.kubernetes.io/managed-by: Helm
        app.kubernetes.io/name: snyk-broker-RELEASE-NAME
        helm.sh/chart: snyk-broker-2.6.1
      name: github-com-broker-service-RELEASE-NAME
      namespace: NAMESPACE
    spec:
      ports:
        - port: 8000
          targetPort: 8000
      selector:
        app.kubernetes.io/instance: RELEASE-NAME
        app.kubernetes.io/name: snyk-broker-RELEASE-NAME
      type: ClusterIP
  3: |
    apiVersion: v1
    data:
      github-com-broker-token-key: MTIz
    kind: Secret
    metadata:
      name: github-com-broker-token-RELEASE-NAME
    type: Opaque
  4: |
    apiVersion: v1
    kind: ServiceAccount
    metadata:
      labels:
        app.kubernetes.io/instance: RELEASE-NAME
        app.kubernetes.io/managed-by: Helm
        app.kubernetes.io/name: snyk-broker-RELEASE-NAME
        helm.sh/chart: snyk-broker-2.6.1
      name: snyk-broker-RELEASE-NAME
      namespace: NAMESPACE
gitlab token pool configured:
  1: |
    apiVersion: apps/v1
    kind: Deployment
    metadata:
      labels:
        app.kubernetes.io/instance: RELEASE-NAME
        app.kubernetes.io/managed-by: Helm
        app.kubernetes.io/name: snyk-broker-RELEASE-NAME
        helm.sh/chart: snyk-broker-2.6.1
      name: gitlab-broker-RELEASE-NAME
      namespace: NAMESPACE
    spec:
      replicas: 1
      selector:
        matchLabels:
          app.kubernetes.io/instance: RELEASE-NAME
          app.kubernetes.io/name: snyk-broker-RELEASE-NAME
      template:
        metadata:
          labels:
            app.kubernetes.io/instance: RELEASE-NAME
            app.kubernetes.io/name: snyk-broker-RELEASE-NAME
        spec:
          containers:
            - env:
                - name: BROKER_SERVER_URL
                  value: https://broker.test.snyk.io
                - name: BROKER_HEALTHCHECK_PATH
                  value: /healthcheck
                - name: BROKER_SYSTEMCHECK_PATH
                  value: /systemcheck
                - name: BROKER_TOKEN
                  valueFrom:
                    secretKeyRef:
                      key: gitlab-broker-token-key
                      name: gitlab-broker-token-RELEASE-NAME
                - name: GITLAB_TOKEN
                  valueFrom:
                    secretKeyRef:
                      key: gitlab-token-key
                      name: gitlab-token-RELEASE-NAME
                - name: GITLAB_TOKEN_POOL
                  valueFrom:
                    secretKeyRef:
                      key: gitlab-token-key-pool
                      name: gitlab-token-pool-RELEASE-NAME
                - name: GITLAB
                  value: null
                - name: PORT
                  value: "8000"
                - name: BROKER_CLIENT_URL
                  value: http://brokerclient
                - name: LOG_LEVEL
                  value: info
                - name: LOG_ENABLE_BODY
                  value: "false"
                - name: ACCEPT_CODE
                  value: "true"
                - name: ACCEPT_IAC
                  value: tf,yaml,yml,json,tpl
                - name: BROKER_DISPATCHER_BASE_URL
                  value: https://api.test.snyk.io
              image: snyk/broker:gitlab
              imagePullPolicy: Always
              livenessProbe:
                failureThreshold: 3
                httpGet:
                  path: /healthcheck
                  port: 8000
                  scheme: HTTP
                initialDelaySeconds: 3
                periodSeconds: 10
                timeoutSeconds: 1
              name: gitlab-broker-RELEASE-NAME
              ports:
                - containerPort: 8000
                  name: http
              readinessProbe:
                failureThreshold: 3
                httpGet:
                  path: /healthcheck
                  port: 8000
                  scheme: HTTP
                initialDelaySeconds: 3
                periodSeconds: 10
                timeoutSeconds: 1
              resources:
                limits:
                  cpu: 1
                  memory: 256Mi
                requests:
                  cpu: 1
                  memory: 256Mi
              securityContext:
                allowPrivilegeEscalation: false
                capabilities:
                  drop:
                    - ALL
                readOnlyRootFilesystem: true
                runAsNonRoot: true
                runAsUser: 1000
              volumeMounts: null
          securityContext: {}
          serviceAccountName: snyk-broker-RELEASE-NAME
          volumes: null
  2: |
    apiVersion: v1
    kind: Service
    metadata:
      labels:
        app.kubernetes.io/instance: RELEASE-NAME
        app.kubernetes.io/managed-by: Helm
        app.kubernetes.io/name: snyk-broker-RELEASE-NAME
        helm.sh/chart: snyk-broker-2.6.1
      name: gitlab-broker-service-RELEASE-NAME
      namespace: NAMESPACE
    spec:
      ports:
        - port: 8000
          targetPort: 8000
      selector:
        app.kubernetes.io/instance: RELEASE-NAME
        app.kubernetes.io/name: snyk-broker-RELEASE-NAME
      type: ClusterIP
  3: |
    apiVersion: v1
    data:
      gitlab-broker-token-key: MTIz
    kind: Secret
    metadata:
      name: gitlab-broker-token-RELEASE-NAME
    type: Opaque
  4: |
    apiVersion: v1
    data:
      gitlab-token-key-pool: Z2xfdG9rZW5fMSxnbF90b2tlbl8y
    kind: Secret
    metadata:
      name: gitlab-token-pool-RELEASE-NAME
    type: Opaque
  5: |
    apiVersion: v1
    kind: ServiceAccount
    metadata:
      labels:
        app.kubernetes.io/instance: RELEASE-NAME
        app.kubernetes.io/managed-by: Helm
        app.kubernetes.io/name: snyk-broker-RELEASE-NAME
        helm.sh/chart: snyk-broker-2.6.1
      name: snyk-broker-RELEASE-NAME
      namespace: NAMESPACE
