default values:
  1: |
    apiVersion: apps/v1
    kind: Deployment
    metadata:
      labels:
        app.kubernetes.io/instance: RELEASE-NAME
        app.kubernetes.io/managed-by: Helm
        app.kubernetes.io/name: snyk-broker-RELEASE-NAME
        helm.sh/chart: snyk-broker-2.6.2
      name: container-registry-agent-broker-RELEASE-NAME
      namespace: NAMESPACE
    spec:
      replicas: 1
      selector:
        matchLabels:
          app.kubernetes.io/instance: RELEASE-NAME
          app.kubernetes.io/name: snyk-broker-RELEASE-NAME
      template:
        metadata:
          labels:
            app.kubernetes.io/instance: RELEASE-NAME
            app.kubernetes.io/name: snyk-broker-RELEASE-NAME
        spec:
          containers:
            - env:
                - name: BROKER_SERVER_URL
                  value: https://broker.test.snyk.io
                - name: BROKER_HEALTHCHECK_PATH
                  value: /healthcheck
                - name: BROKER_SYSTEMCHECK_PATH
                  value: /systemcheck
                - name: BROKER_TOKEN
                  valueFrom:
                    secretKeyRef:
                      key: container-registry-agent-broker-token-key
                      name: container-registry-agent-broker-token-RELEASE-NAME
                - name: CR_AGENT_URL
                  value: http://cra-service-RELEASE-NAME:8081
                - name: CR_TYPE
                  value: harbor
                - name: CR_BASE
                  value: crBaseValue
                - name: CR_USERNAME
                  value: myusername
                - name: CR_PASSWORD
                  valueFrom:
                    secretKeyRef:
                      key: container-registry-agent-token-key
                      name: container-registry-agent-token-RELEASE-NAME
                - name: PORT
                  value: "8000"
                - name: BROKER_CLIENT_URL
                  value: http://container-registry-agent-broker-service-RELEASE-NAME:8000
                - name: BROKER_CLIENT_VALIDATION_URL
                  value: http://cra-service-RELEASE-NAME:8081/healthcheck
                - name: LOG_LEVEL
                  value: info
                - name: LOG_ENABLE_BODY
                  value: "false"
                - name: BROKER_DISPATCHER_BASE_URL
                  value: https://api.test.snyk.io
              image: snyk/broker:container-registry-agent
              imagePullPolicy: Always
              livenessProbe:
                failureThreshold: 3
                httpGet:
                  path: /healthcheck
                  port: 8000
                  scheme: HTTP
                initialDelaySeconds: 3
                periodSeconds: 10
                timeoutSeconds: 1
              name: container-registry-agent-broker-RELEASE-NAME
              ports:
                - containerPort: 8000
                  name: http
              readinessProbe:
                failureThreshold: 3
                httpGet:
                  path: /healthcheck
                  port: 8000
                  scheme: HTTP
                initialDelaySeconds: 3
                periodSeconds: 10
                timeoutSeconds: 1
              resources:
                limits:
                  cpu: 1
                  memory: 256Mi
                requests:
                  cpu: 1
                  memory: 256Mi
              securityContext:
                allowPrivilegeEscalation: false
                capabilities:
                  drop:
                    - ALL
                readOnlyRootFilesystem: true
                runAsNonRoot: true
                runAsUser: 1000
              volumeMounts: null
          securityContext: {}
          serviceAccountName: snyk-broker-RELEASE-NAME
          volumes: null
  2: |
    apiVersion: apps/v1
    kind: Deployment
    metadata:
      labels:
        app.kubernetes.io/instance: RELEASE-NAME
        app.kubernetes.io/name: RELEASE-NAME-cr-RELEASE-NAME
      name: container-registry-agent-cra-RELEASE-NAME
      namespace: NAMESPACE
    spec:
      replicas: 1
      selector:
        matchLabels:
          app.kubernetes.io/instance: RELEASE-NAME
          app.kubernetes.io/name: RELEASE-NAME-cr-RELEASE-NAME
      template:
        metadata:
          labels:
            app.kubernetes.io/instance: RELEASE-NAME
            app.kubernetes.io/name: RELEASE-NAME-cr-RELEASE-NAME
        spec:
          containers:
            - env:
                - name: SNYK_PORT
                  value: "8081"
              image: snyk/container-registry-agent:latest
              imagePullPolicy: Always
              name: container-registry-agent-RELEASE-NAME
              ports:
                - containerPort: 8081
                  name: http
              resources:
                limits:
                  cpu: 1
                  memory: 2Gi
                requests:
                  cpu: 1
                  memory: 2Gi
              securityContext:
                allowPrivilegeEscalation: false
                capabilities:
                  drop:
                    - ALL
                readOnlyRootFilesystem: false
                runAsNonRoot: true
                runAsUser: 1000
          securityContext: {}
          serviceAccountName: snyk-broker-RELEASE-NAME
  3: |
    apiVersion: v1
    kind: Service
    metadata:
      labels:
        app.kubernetes.io/instance: RELEASE-NAME
        app.kubernetes.io/managed-by: Helm
        app.kubernetes.io/name: snyk-broker-RELEASE-NAME
        helm.sh/chart: snyk-broker-2.6.2
      name: cra-service-RELEASE-NAME
      namespace: NAMESPACE
    spec:
      ports:
        - port: 8081
          targetPort: 8081
      selector:
        app.kubernetes.io/instance: RELEASE-NAME
        app.kubernetes.io/name: RELEASE-NAME-cr-RELEASE-NAME
      type: ClusterIP
